I'm sorry, but errors were detected in your script. Please correct the
errors listed below, and try again.


File "game/script.rpy", line 86: expected statement.
    epiphany +=1
             ^

Ren'Py Version: Ren'Py 8.0.1.22070801
Wed Jul 20 23:19:23 2022
